  Determining projects to restore...
  All projects are up-to-date for restore.
C:\Users\havik\OneDrive\Tour_2040_CHINHTHUC_A3\Tour_2040_CHINHTHUC\Tour_2040_CHINHTHUC\Tour_2040 (3)\Tour_2040\Tour_2040\Views\Tours\Create.cshtml(15,2): error RZ1006: The code block is missing a closing "}" character.  Make sure you have a matching "}" character for all the "{" characters within this block, and that none of the "}" characters are being interpreted as markup. [C:\Users\havik\OneDrive\Tour_2040_CHINHTHUC_A3\Tour_2040_CHINHTHUC\Tour_2040_CHINHTHUC\Tour_2040 (3)\Tour_2040\Tour_2040\Tour_2040.csproj]
C:\Users\havik\OneDrive\Tour_2040_CHINHTHUC_A3\Tour_2040_CHINHTHUC\Tour_2040_CHINHTHUC\Tour_2040 (3)\Tour_2040\Tour_2040\Views\Tours\Create.cshtml(707,81): error RZ1031: The tag helper 'option' must not have C# in the element's attribute declaration area. [C:\Users\havik\OneDrive\Tour_2040_CHINHTHUC_A3\Tour_2040_CHINHTHUC\Tour_2040_CHINHTHUC\Tour_2040 (3)\Tour_2040\Tour_2040\Tour_2040.csproj]
C:\Users\havik\OneDrive\Tour_2040_CHINHTHUC_A3\Tour_2040_CHINHTHUC\Tour_2040_CHINHTHUC\Tour_2040 (3)\Tour_2040\Tour_2040\Views\Tours\Create.cshtml(737,81): error RZ1031: The tag helper 'option' must not have C# in the element's attribute declaration area. [C:\Users\havik\OneDrive\Tour_2040_CHINHTHUC_A3\Tour_2040_CHINHTHUC\Tour_2040_CHINHTHUC\Tour_2040 (3)\Tour_2040\Tour_2040\Tour_2040.csproj]
C:\Users\havik\OneDrive\Tour_2040_CHINHTHUC_A3\Tour_2040_CHINHTHUC\Tour_2040_CHINHTHUC\Tour_2040 (3)\Tour_2040\Tour_2040\Views\Tours\Create.cshtml(749,81): error RZ1031: The tag helper 'option' must not have C# in the element's attribute declaration area. [C:\Users\havik\OneDrive\Tour_2040_CHINHTHUC_A3\Tour_2040_CHINHTHUC\Tour_2040_CHINHTHUC\Tour_2040 (3)\Tour_2040\Tour_2040\Tour_2040.csproj]
C:\Users\havik\OneDrive\Tour_2040_CHINHTHUC_A3\Tour_2040_CHINHTHUC\Tour_2040_CHINHTHUC\Tour_2040 (3)\Tour_2040\Tour_2040\Views\Tours\Create.cshtml(761,81): error RZ1031: The tag helper 'option' must not have C# in the element's attribute declaration area. [C:\Users\havik\OneDrive\Tour_2040_CHINHTHUC_A3\Tour_2040_CHINHTHUC\Tour_2040_CHINHTHUC\Tour_2040 (3)\Tour_2040\Tour_2040\Tour_2040.csproj]
C:\Users\havik\OneDrive\Tour_2040_CHINHTHUC_A3\Tour_2040_CHINHTHUC\Tour_2040_CHINHTHUC\Tour_2040 (3)\Tour_2040\Tour_2040\Views\Tours\Create.cshtml(773,64): error RZ1031: The tag helper 'option' must not have C# in the element's attribute declaration area. [C:\Users\havik\OneDrive\Tour_2040_CHINHTHUC_A3\Tour_2040_CHINHTHUC\Tour_2040_CHINHTHUC\Tour_2040 (3)\Tour_2040\Tour_2040\Tour_2040.csproj]
C:\Users\havik\OneDrive\Tour_2040_CHINHTHUC_A3\Tour_2040_CHINHTHUC\Tour_2040_CHINHTHUC\Tour_2040 (3)\Tour_2040\Tour_2040\Views\Tours\Create.cshtml(774,61): error RZ1031: The tag helper 'option' must not have C# in the element's attribute declaration area. [C:\Users\havik\OneDrive\Tour_2040_CHINHTHUC_A3\Tour_2040_CHINHTHUC\Tour_2040_CHINHTHUC\Tour_2040 (3)\Tour_2040\Tour_2040\Tour_2040.csproj]
C:\Users\havik\OneDrive\Tour_2040_CHINHTHUC_A3\Tour_2040_CHINHTHUC\Tour_2040_CHINHTHUC\Tour_2040 (3)\Tour_2040\Tour_2040\Views\Tours\Edit.cshtml(232,77): error RZ1031: The tag helper 'option' must not have C# in the element's attribute declaration area. [C:\Users\havik\OneDrive\Tour_2040_CHINHTHUC_A3\Tour_2040_CHINHTHUC\Tour_2040_CHINHTHUC\Tour_2040 (3)\Tour_2040\Tour_2040\Tour_2040.csproj]
C:\Users\havik\OneDrive\Tour_2040_CHINHTHUC_A3\Tour_2040_CHINHTHUC\Tour_2040_CHINHTHUC\Tour_2040 (3)\Tour_2040\Tour_2040\Views\Tours\Edit.cshtml(263,77): error RZ1031: The tag helper 'option' must not have C# in the element's attribute declaration area. [C:\Users\havik\OneDrive\Tour_2040_CHINHTHUC_A3\Tour_2040_CHINHTHUC\Tour_2040_CHINHTHUC\Tour_2040 (3)\Tour_2040\Tour_2040\Tour_2040.csproj]
C:\Users\havik\OneDrive\Tour_2040_CHINHTHUC_A3\Tour_2040_CHINHTHUC\Tour_2040_CHINHTHUC\Tour_2040 (3)\Tour_2040\Tour_2040\Views\Tours\Edit.cshtml(288,60): error RZ1031: The tag helper 'option' must not have C# in the element's attribute declaration area. [C:\Users\havik\OneDrive\Tour_2040_CHINHTHUC_A3\Tour_2040_CHINHTHUC\Tour_2040_CHINHTHUC\Tour_2040 (3)\Tour_2040\Tour_2040\Tour_2040.csproj]
C:\Users\havik\OneDrive\Tour_2040_CHINHTHUC_A3\Tour_2040_CHINHTHUC\Tour_2040_CHINHTHUC\Tour_2040 (3)\Tour_2040\Tour_2040\Views\Tours\Edit.cshtml(289,57): error RZ1031: The tag helper 'option' must not have C# in the element's attribute declaration area. [C:\Users\havik\OneDrive\Tour_2040_CHINHTHUC_A3\Tour_2040_CHINHTHUC\Tour_2040_CHINHTHUC\Tour_2040 (3)\Tour_2040\Tour_2040\Tour_2040.csproj]
C:\Users\havik\OneDrive\Tour_2040_CHINHTHUC_A3\Tour_2040_CHINHTHUC\Tour_2040_CHINHTHUC\Tour_2040 (3)\Tour_2040\Tour_2040\Areas\Identity\Pages\Account\Register.cshtml.cs(90,49): warning CS8765: Nullability of type of parameter 'value' doesn't match overridden member (possibly because of nullability attributes). [C:\Users\havik\OneDrive\Tour_2040_CHINHTHUC_A3\Tour_2040_CHINHTHUC\Tour_2040_CHINHTHUC\Tour_2040 (3)\Tour_2040\Tour_2040\Tour_2040.csproj]
C:\Users\havik\OneDrive\Tour_2040_CHINHTHUC_A3\Tour_2040_CHINHTHUC\Tour_2040_CHINHTHUC\Tour_2040 (3)\Tour_2040\Tour_2040\Areas\Identity\Pages\Account\Login.cshtml.cs(15,16): warning CS8618: Non-nullable property 'ErrorMessage' must contain a non-null value when exiting constructor. Consider adding the 'required' modifier or declaring the property as nullable. [C:\Users\havik\OneDrive\Tour_2040_CHINHTHUC_A3\Tour_2040_CHINHTHUC\Tour_2040_CHINHTHUC\Tour_2040 (3)\Tour_2040\Tour_2040\Tour_2040.csproj]
C:\Users\havik\OneDrive\Tour_2040_CHINHTHUC_A3\Tour_2040_CHINHTHUC\Tour_2040_CHINHTHUC\Tour_2040 (3)\Tour_2040\Tour_2040\Controllers\YeuCauHoTrosController.cs(43,22): warning CS8602: Dereference of a possibly null reference. [C:\Users\havik\OneDrive\Tour_2040_CHINHTHUC_A3\Tour_2040_CHINHTHUC\Tour_2040_CHINHTHUC\Tour_2040 (3)\Tour_2040\Tour_2040\Tour_2040.csproj]
C:\Users\havik\OneDrive\Tour_2040_CHINHTHUC_A3\Tour_2040_CHINHTHUC\Tour_2040_CHINHTHUC\Tour_2040 (3)\Tour_2040\Tour_2040\Controllers\GiaoDichesController.cs(65,39): warning CS8602: Dereference of a possibly null reference. [C:\Users\havik\OneDrive\Tour_2040_CHINHTHUC_A3\Tour_2040_CHINHTHUC\Tour_2040_CHINHTHUC\Tour_2040 (3)\Tour_2040\Tour_2040\Tour_2040.csproj]
C:\Users\havik\OneDrive\Tour_2040_CHINHTHUC_A3\Tour_2040_CHINHTHUC\Tour_2040_CHINHTHUC\Tour_2040 (3)\Tour_2040\Tour_2040\Controllers\YeuCauHoTrosController.cs(86,32): warning CS8602: Dereference of a possibly null reference. [C:\Users\havik\OneDrive\Tour_2040_CHINHTHUC_A3\Tour_2040_CHINHTHUC\Tour_2040_CHINHTHUC\Tour_2040 (3)\Tour_2040\Tour_2040\Tour_2040.csproj]
C:\Users\havik\OneDrive\Tour_2040_CHINHTHUC_A3\Tour_2040_CHINHTHUC\Tour_2040_CHINHTHUC\Tour_2040 (3)\Tour_2040\Tour_2040\Controllers\HopDongsController.cs(39,39): warning CS8602: Dereference of a possibly null reference. [C:\Users\havik\OneDrive\Tour_2040_CHINHTHUC_A3\Tour_2040_CHINHTHUC\Tour_2040_CHINHTHUC\Tour_2040 (3)\Tour_2040\Tour_2040\Tour_2040.csproj]
C:\Users\havik\OneDrive\Tour_2040_CHINHTHUC_A3\Tour_2040_CHINHTHUC\Tour_2040_CHINHTHUC\Tour_2040 (3)\Tour_2040\Tour_2040\Controllers\HopDongsController.cs(41,39): warning CS8602: Dereference of a possibly null reference. [C:\Users\havik\OneDrive\Tour_2040_CHINHTHUC_A3\Tour_2040_CHINHTHUC\Tour_2040_CHINHTHUC\Tour_2040 (3)\Tour_2040\Tour_2040\Tour_2040.csproj]
C:\Users\havik\OneDrive\Tour_2040_CHINHTHUC_A3\Tour_2040_CHINHTHUC\Tour_2040_CHINHTHUC\Tour_2040 (3)\Tour_2040\Tour_2040\Controllers\HopDongsController.cs(43,39): warning CS8602: Dereference of a possibly null reference. [C:\Users\havik\OneDrive\Tour_2040_CHINHTHUC_A3\Tour_2040_CHINHTHUC\Tour_2040_CHINHTHUC\Tour_2040 (3)\Tour_2040\Tour_2040\Tour_2040.csproj]
C:\Users\havik\OneDrive\Tour_2040_CHINHTHUC_A3\Tour_2040_CHINHTHUC\Tour_2040_CHINHTHUC\Tour_2040 (3)\Tour_2040\Tour_2040\Areas\Identity\Pages\Account\Manage\TwoFactorAuthentication.cshtml.cs(84,33): warning CS8604: Possible null reference argument for parameter 'source' in 'int Enumerable.Count<string>(IEnumerable<string> source)'. [C:\Users\havik\OneDrive\Tour_2040_CHINHTHUC_A3\Tour_2040_CHINHTHUC\Tour_2040_CHINHTHUC\Tour_2040 (3)\Tour_2040\Tour_2040\Tour_2040.csproj]
C:\Users\havik\OneDrive\Tour_2040_CHINHTHUC_A3\Tour_2040_CHINHTHUC\Tour_2040_CHINHTHUC\Tour_2040 (3)\Tour_2040\Tour_2040\Areas\Identity\Pages\Account\Register.cshtml.cs(92,43): warning CS8603: Possible null reference return. [C:\Users\havik\OneDrive\Tour_2040_CHINHTHUC_A3\Tour_2040_CHINHTHUC\Tour_2040_CHINHTHUC\Tour_2040 (3)\Tour_2040\Tour_2040\Tour_2040.csproj]
C:\Users\havik\OneDrive\Tour_2040_CHINHTHUC_A3\Tour_2040_CHINHTHUC\Tour_2040_CHINHTHUC\Tour_2040 (3)\Tour_2040\Tour_2040\Areas\Identity\Pages\Account\Register.cshtml.cs(95,24): warning CS8603: Possible null reference return. [C:\Users\havik\OneDrive\Tour_2040_CHINHTHUC_A3\Tour_2040_CHINHTHUC\Tour_2040_CHINHTHUC\Tour_2040 (3)\Tour_2040\Tour_2040\Tour_2040.csproj]
C:\Users\havik\OneDrive\Tour_2040_CHINHTHUC_A3\Tour_2040_CHINHTHUC\Tour_2040_CHINHTHUC\Tour_2040 (3)\Tour_2040\Tour_2040\Controllers\HopDongsController.cs(87,60): warning CS8602: Dereference of a possibly null reference. [C:\Users\havik\OneDrive\Tour_2040_CHINHTHUC_A3\Tour_2040_CHINHTHUC\Tour_2040_CHINHTHUC\Tour_2040 (3)\Tour_2040\Tour_2040\Tour_2040.csproj]
C:\Users\havik\OneDrive\Tour_2040_CHINHTHUC_A3\Tour_2040_CHINHTHUC\Tour_2040_CHINHTHUC\Tour_2040 (3)\Tour_2040\Tour_2040\Controllers\HopDongsController.cs(88,60): warning CS8602: Dereference of a possibly null reference. [C:\Users\havik\OneDrive\Tour_2040_CHINHTHUC_A3\Tour_2040_CHINHTHUC\Tour_2040_CHINHTHUC\Tour_2040 (3)\Tour_2040\Tour_2040\Tour_2040.csproj]
C:\Users\havik\OneDrive\Tour_2040_CHINHTHUC_A3\Tour_2040_CHINHTHUC\Tour_2040_CHINHTHUC\Tour_2040 (3)\Tour_2040\Tour_2040\Controllers\HopDongsController.cs(89,60): warning CS8602: Dereference of a possibly null reference. [C:\Users\havik\OneDrive\Tour_2040_CHINHTHUC_A3\Tour_2040_CHINHTHUC\Tour_2040_CHINHTHUC\Tour_2040 (3)\Tour_2040\Tour_2040\Tour_2040.csproj]
C:\Users\havik\OneDrive\Tour_2040_CHINHTHUC_A3\Tour_2040_CHINHTHUC\Tour_2040_CHINHTHUC\Tour_2040 (3)\Tour_2040\Tour_2040\Controllers\HopDongsController.cs(110,61): warning CS8602: Dereference of a possibly null reference. [C:\Users\havik\OneDrive\Tour_2040_CHINHTHUC_A3\Tour_2040_CHINHTHUC\Tour_2040_CHINHTHUC\Tour_2040 (3)\Tour_2040\Tour_2040\Tour_2040.csproj]
C:\Users\havik\OneDrive\Tour_2040_CHINHTHUC_A3\Tour_2040_CHINHTHUC\Tour_2040_CHINHTHUC\Tour_2040 (3)\Tour_2040\Tour_2040\Controllers\HopDongsController.cs(111,61): warning CS8602: Dereference of a possibly null reference. [C:\Users\havik\OneDrive\Tour_2040_CHINHTHUC_A3\Tour_2040_CHINHTHUC\Tour_2040_CHINHTHUC\Tour_2040 (3)\Tour_2040\Tour_2040\Tour_2040.csproj]
C:\Users\havik\OneDrive\Tour_2040_CHINHTHUC_A3\Tour_2040_CHINHTHUC\Tour_2040_CHINHTHUC\Tour_2040 (3)\Tour_2040\Tour_2040\Controllers\HopDongsController.cs(112,61): warning CS8602: Dereference of a possibly null reference. [C:\Users\havik\OneDrive\Tour_2040_CHINHTHUC_A3\Tour_2040_CHINHTHUC\Tour_2040_CHINHTHUC\Tour_2040 (3)\Tour_2040\Tour_2040\Tour_2040.csproj]
C:\Users\havik\OneDrive\Tour_2040_CHINHTHUC_A3\Tour_2040_CHINHTHUC\Tour_2040_CHINHTHUC\Tour_2040 (3)\Tour_2040\Tour_2040\Controllers\YeuCauHoTrosController.cs(138,50): warning CS8602: Dereference of a possibly null reference. [C:\Users\havik\OneDrive\Tour_2040_CHINHTHUC_A3\Tour_2040_CHINHTHUC\Tour_2040_CHINHTHUC\Tour_2040 (3)\Tour_2040\Tour_2040\Tour_2040.csproj]
C:\Users\havik\OneDrive\Tour_2040_CHINHTHUC_A3\Tour_2040_CHINHTHUC\Tour_2040_CHINHTHUC\Tour_2040 (3)\Tour_2040\Tour_2040\Controllers\YeuCauHoTrosController.cs(138,66): warning CS8602: Dereference of a possibly null reference. [C:\Users\havik\OneDrive\Tour_2040_CHINHTHUC_A3\Tour_2040_CHINHTHUC\Tour_2040_CHINHTHUC\Tour_2040 (3)\Tour_2040\Tour_2040\Tour_2040.csproj]
C:\Users\havik\OneDrive\Tour_2040_CHINHTHUC_A3\Tour_2040_CHINHTHUC\Tour_2040_CHINHTHUC\Tour_2040 (3)\Tour_2040\Tour_2040\Views\DiaDiems\Index.cshtml(290,59): warning CS8604: Possible null reference argument for parameter 'source' in 'int Enumerable.Count<DiaDiem>(IEnumerable<DiaDiem> source)'. [C:\Users\havik\OneDrive\Tour_2040_CHINHTHUC_A3\Tour_2040_CHINHTHUC\Tour_2040_CHINHTHUC\Tour_2040 (3)\Tour_2040\Tour_2040\Tour_2040.csproj]
C:\Users\havik\OneDrive\Tour_2040_CHINHTHUC_A3\Tour_2040_CHINHTHUC\Tour_2040_CHINHTHUC\Tour_2040 (3)\Tour_2040\Tour_2040\Views\DiaDiems\Edit.cshtml(175,41): warning CS0472: The result of the expression is always 'true' since a value of type 'int' is never equal to 'null' of type 'int?' [C:\Users\havik\OneDrive\Tour_2040_CHINHTHUC_A3\Tour_2040_CHINHTHUC\Tour_2040_CHINHTHUC\Tour_2040 (3)\Tour_2040\Tour_2040\Tour_2040.csproj]
C:\Users\havik\OneDrive\Tour_2040_CHINHTHUC_A3\Tour_2040_CHINHTHUC\Tour_2040_CHINHTHUC\Tour_2040 (3)\Tour_2040\Tour_2040\Views\DiaDiems\Create.cshtml(187,41): warning CS0472: The result of the expression is always 'true' since a value of type 'int' is never equal to 'null' of type 'int?' [C:\Users\havik\OneDrive\Tour_2040_CHINHTHUC_A3\Tour_2040_CHINHTHUC\Tour_2040_CHINHTHUC\Tour_2040 (3)\Tour_2040\Tour_2040\Tour_2040.csproj]
C:\Users\havik\OneDrive\Tour_2040_CHINHTHUC_A3\Tour_2040_CHINHTHUC\Tour_2040_CHINHTHUC\Tour_2040 (3)\Tour_2040\Tour_2040\Views\GiaoDiches\Details.cshtml(14,97): warning CS8619: Nullability of reference types in value of type 'List<DichVu>' doesn't match target type 'List<DichVu?>'. [C:\Users\havik\OneDrive\Tour_2040_CHINHTHUC_A3\Tour_2040_CHINHTHUC\Tour_2040_CHINHTHUC\Tour_2040 (3)\Tour_2040\Tour_2040\Tour_2040.csproj]
C:\Users\havik\OneDrive\Tour_2040_CHINHTHUC_A3\Tour_2040_CHINHTHUC\Tour_2040_CHINHTHUC\Tour_2040 (3)\Tour_2040\Tour_2040\Views\GiaoDiches\Details.cshtml(238,83): warning CS8602: Dereference of a possibly null reference. [C:\Users\havik\OneDrive\Tour_2040_CHINHTHUC_A3\Tour_2040_CHINHTHUC\Tour_2040_CHINHTHUC\Tour_2040 (3)\Tour_2040\Tour_2040\Tour_2040.csproj]
C:\Users\havik\OneDrive\Tour_2040_CHINHTHUC_A3\Tour_2040_CHINHTHUC\Tour_2040_CHINHTHUC\Tour_2040 (3)\Tour_2040\Tour_2040\Controllers\ToursController.cs(615,28): warning CS8600: Converting null literal or possible null value to non-nullable type. [C:\Users\havik\OneDrive\Tour_2040_CHINHTHUC_A3\Tour_2040_CHINHTHUC\Tour_2040_CHINHTHUC\Tour_2040 (3)\Tour_2040\Tour_2040\Tour_2040.csproj]
C:\Users\havik\OneDrive\Tour_2040_CHINHTHUC_A3\Tour_2040_CHINHTHUC\Tour_2040_CHINHTHUC\Tour_2040 (3)\Tour_2040\Tour_2040\Controllers\ToursController.cs(616,28): warning CS8600: Converting null literal or possible null value to non-nullable type. [C:\Users\havik\OneDrive\Tour_2040_CHINHTHUC_A3\Tour_2040_CHINHTHUC\Tour_2040_CHINHTHUC\Tour_2040 (3)\Tour_2040\Tour_2040\Tour_2040.csproj]
C:\Users\havik\OneDrive\Tour_2040_CHINHTHUC_A3\Tour_2040_CHINHTHUC\Tour_2040_CHINHTHUC\Tour_2040 (3)\Tour_2040\Tour_2040\Controllers\ToursController.cs(617,34): warning CS8600: Converting null literal or possible null value to non-nullable type. [C:\Users\havik\OneDrive\Tour_2040_CHINHTHUC_A3\Tour_2040_CHINHTHUC\Tour_2040_CHINHTHUC\Tour_2040 (3)\Tour_2040\Tour_2040\Tour_2040.csproj]
C:\Users\havik\OneDrive\Tour_2040_CHINHTHUC_A3\Tour_2040_CHINHTHUC\Tour_2040_CHINHTHUC\Tour_2040 (3)\Tour_2040\Tour_2040\Controllers\ToursController.cs(618,27): warning CS8600: Converting null literal or possible null value to non-nullable type. [C:\Users\havik\OneDrive\Tour_2040_CHINHTHUC_A3\Tour_2040_CHINHTHUC\Tour_2040_CHINHTHUC\Tour_2040 (3)\Tour_2040\Tour_2040\Tour_2040.csproj]
C:\Users\havik\OneDrive\Tour_2040_CHINHTHUC_A3\Tour_2040_CHINHTHUC\Tour_2040_CHINHTHUC\Tour_2040 (3)\Tour_2040\Tour_2040\Controllers\ToursController.cs(631,32): warning CS8601: Possible null reference assignment. [C:\Users\havik\OneDrive\Tour_2040_CHINHTHUC_A3\Tour_2040_CHINHTHUC\Tour_2040_CHINHTHUC\Tour_2040 (3)\Tour_2040\Tour_2040\Tour_2040.csproj]
C:\Users\havik\OneDrive\Tour_2040_CHINHTHUC_A3\Tour_2040_CHINHTHUC\Tour_2040_CHINHTHUC\Tour_2040 (3)\Tour_2040\Tour_2040\Controllers\ToursController.cs(632,25): warning CS8601: Possible null reference assignment. [C:\Users\havik\OneDrive\Tour_2040_CHINHTHUC_A3\Tour_2040_CHINHTHUC\Tour_2040_CHINHTHUC\Tour_2040 (3)\Tour_2040\Tour_2040\Tour_2040.csproj]
C:\Users\havik\OneDrive\Tour_2040_CHINHTHUC_A3\Tour_2040_CHINHTHUC\Tour_2040_CHINHTHUC\Tour_2040 (3)\Tour_2040\Tour_2040\Controllers\ToursController.cs(633,31): warning CS8601: Possible null reference assignment. [C:\Users\havik\OneDrive\Tour_2040_CHINHTHUC_A3\Tour_2040_CHINHTHUC\Tour_2040_CHINHTHUC\Tour_2040 (3)\Tour_2040\Tour_2040\Tour_2040.csproj]
C:\Users\havik\OneDrive\Tour_2040_CHINHTHUC_A3\Tour_2040_CHINHTHUC\Tour_2040_CHINHTHUC\Tour_2040 (3)\Tour_2040\Tour_2040\Controllers\ToursController.cs(634,24): warning CS8601: Possible null reference assignment. [C:\Users\havik\OneDrive\Tour_2040_CHINHTHUC_A3\Tour_2040_CHINHTHUC\Tour_2040_CHINHTHUC\Tour_2040 (3)\Tour_2040\Tour_2040\Tour_2040.csproj]
C:\Users\havik\OneDrive\Tour_2040_CHINHTHUC_A3\Tour_2040_CHINHTHUC\Tour_2040_CHINHTHUC\Tour_2040 (3)\Tour_2040\Tour_2040\Views\ThongKe\ChiTietDichVu.cshtml(113,31): warning CS8602: Dereference of a possibly null reference. [C:\Users\havik\OneDrive\Tour_2040_CHINHTHUC_A3\Tour_2040_CHINHTHUC\Tour_2040_CHINHTHUC\Tour_2040 (3)\Tour_2040\Tour_2040\Tour_2040.csproj]
C:\Users\havik\OneDrive\Tour_2040_CHINHTHUC_A3\Tour_2040_CHINHTHUC\Tour_2040_CHINHTHUC\Tour_2040 (3)\Tour_2040\Tour_2040\Views\KhachHangs\Details.cshtml(380,63): warning CS8604: Possible null reference argument for parameter 'trangThai' in 'string BadgeClass(string trangThai, decimal tongTien, decimal daThanhToan)'. [C:\Users\havik\OneDrive\Tour_2040_CHINHTHUC_A3\Tour_2040_CHINHTHUC\Tour_2040_CHINHTHUC\Tour_2040 (3)\Tour_2040\Tour_2040\Tour_2040.csproj]
C:\Users\havik\OneDrive\Tour_2040_CHINHTHUC_A3\Tour_2040_CHINHTHUC\Tour_2040_CHINHTHUC\Tour_2040 (3)\Tour_2040\Tour_2040\Views\Tours\Create.cshtml(11,10): error CS0019: Operator '??' cannot be applied to operands of type 'List<<anonymous type: string value, string text>>' and 'List<object>' [C:\Users\havik\OneDrive\Tour_2040_CHINHTHUC_A3\Tour_2040_CHINHTHUC\Tour_2040_CHINHTHUC\Tour_2040 (3)\Tour_2040\Tour_2040\Tour_2040.csproj]
C:\Users\havik\OneDrive\Tour_2040_CHINHTHUC_A3\Tour_2040_CHINHTHUC\Tour_2040_CHINHTHUC\Tour_2040 (3)\Tour_2040\Tour_2040\Views\Tours\Create.cshtml(86,6): error CS0103: The name 'keyframes' does not exist in the current context [C:\Users\havik\OneDrive\Tour_2040_CHINHTHUC_A3\Tour_2040_CHINHTHUC\Tour_2040_CHINHTHUC\Tour_2040 (3)\Tour_2040\Tour_2040\Tour_2040.csproj]
C:\Users\havik\OneDrive\Tour_2040_CHINHTHUC_A3\Tour_2040_CHINHTHUC\Tour_2040_CHINHTHUC\Tour_2040 (3)\Tour_2040\Tour_2040\Views\Tours\Create.cshtml(608,6): error CS0103: The name 'keyframes' does not exist in the current context [C:\Users\havik\OneDrive\Tour_2040_CHINHTHUC_A3\Tour_2040_CHINHTHUC\Tour_2040_CHINHTHUC\Tour_2040 (3)\Tour_2040\Tour_2040\Tour_2040.csproj]
C:\Users\havik\OneDrive\Tour_2040_CHINHTHUC_A3\Tour_2040_CHINHTHUC\Tour_2040_CHINHTHUC\Tour_2040 (3)\Tour_2040\Tour_2040\Views\Tours\Create.cshtml(638,6): error CS0103: The name 'keyframes' does not exist in the current context [C:\Users\havik\OneDrive\Tour_2040_CHINHTHUC_A3\Tour_2040_CHINHTHUC\Tour_2040_CHINHTHUC\Tour_2040 (3)\Tour_2040\Tour_2040\Tour_2040.csproj]
C:\Users\havik\OneDrive\Tour_2040_CHINHTHUC_A3\Tour_2040_CHINHTHUC\Tour_2040_CHINHTHUC\Tour_2040 (3)\Tour_2040\Tour_2040\Controllers\ToursController.cs(1231,33): warning CS8601: Possible null reference assignment. [C:\Users\havik\OneDrive\Tour_2040_CHINHTHUC_A3\Tour_2040_CHINHTHUC\Tour_2040_CHINHTHUC\Tour_2040 (3)\Tour_2040\Tour_2040\Tour_2040.csproj]
C:\Users\havik\OneDrive\Tour_2040_CHINHTHUC_A3\Tour_2040_CHINHTHUC\Tour_2040_CHINHTHUC\Tour_2040 (3)\Tour_2040\Tour_2040\Views\Tours\Edit.cshtml(491,65): error CS0019: Operator '??' cannot be applied to operands of type 'List<<anonymous type: string value, string text>>' and 'List<object>' [C:\Users\havik\OneDrive\Tour_2040_CHINHTHUC_A3\Tour_2040_CHINHTHUC\Tour_2040_CHINHTHUC\Tour_2040 (3)\Tour_2040\Tour_2040\Tour_2040.csproj]

Build FAILED.

C:\Users\havik\OneDrive\Tour_2040_CHINHTHUC_A3\Tour_2040_CHINHTHUC\Tour_2040_CHINHTHUC\Tour_2040 (3)\Tour_2040\Tour_2040\Areas\Identity\Pages\Account\Register.cshtml.cs(90,49): warning CS8765: Nullability of type of parameter 'value' doesn't match overridden member (possibly because of nullability attributes). [C:\Users\havik\OneDrive\Tour_2040_CHINHTHUC_A3\Tour_2040_CHINHTHUC\Tour_2040_CHINHTHUC\Tour_2040 (3)\Tour_2040\Tour_2040\Tour_2040.csproj]
C:\Users\havik\OneDrive\Tour_2040_CHINHTHUC_A3\Tour_2040_CHINHTHUC\Tour_2040_CHINHTHUC\Tour_2040 (3)\Tour_2040\Tour_2040\Areas\Identity\Pages\Account\Login.cshtml.cs(15,16): warning CS8618: Non-nullable property 'ErrorMessage' must contain a non-null value when exiting constructor. Consider adding the 'required' modifier or declaring the property as nullable. [C:\Users\havik\OneDrive\Tour_2040_CHINHTHUC_A3\Tour_2040_CHINHTHUC\Tour_2040_CHINHTHUC\Tour_2040 (3)\Tour_2040\Tour_2040\Tour_2040.csproj]
C:\Users\havik\OneDrive\Tour_2040_CHINHTHUC_A3\Tour_2040_CHINHTHUC\Tour_2040_CHINHTHUC\Tour_2040 (3)\Tour_2040\Tour_2040\Controllers\YeuCauHoTrosController.cs(43,22): warning CS8602: Dereference of a possibly null reference. [C:\Users\havik\OneDrive\Tour_2040_CHINHTHUC_A3\Tour_2040_CHINHTHUC\Tour_2040_CHINHTHUC\Tour_2040 (3)\Tour_2040\Tour_2040\Tour_2040.csproj]
C:\Users\havik\OneDrive\Tour_2040_CHINHTHUC_A3\Tour_2040_CHINHTHUC\Tour_2040_CHINHTHUC\Tour_2040 (3)\Tour_2040\Tour_2040\Controllers\GiaoDichesController.cs(65,39): warning CS8602: Dereference of a possibly null reference. [C:\Users\havik\OneDrive\Tour_2040_CHINHTHUC_A3\Tour_2040_CHINHTHUC\Tour_2040_CHINHTHUC\Tour_2040 (3)\Tour_2040\Tour_2040\Tour_2040.csproj]
C:\Users\havik\OneDrive\Tour_2040_CHINHTHUC_A3\Tour_2040_CHINHTHUC\Tour_2040_CHINHTHUC\Tour_2040 (3)\Tour_2040\Tour_2040\Controllers\YeuCauHoTrosController.cs(86,32): warning CS8602: Dereference of a possibly null reference. [C:\Users\havik\OneDrive\Tour_2040_CHINHTHUC_A3\Tour_2040_CHINHTHUC\Tour_2040_CHINHTHUC\Tour_2040 (3)\Tour_2040\Tour_2040\Tour_2040.csproj]
C:\Users\havik\OneDrive\Tour_2040_CHINHTHUC_A3\Tour_2040_CHINHTHUC\Tour_2040_CHINHTHUC\Tour_2040 (3)\Tour_2040\Tour_2040\Controllers\HopDongsController.cs(39,39): warning CS8602: Dereference of a possibly null reference. [C:\Users\havik\OneDrive\Tour_2040_CHINHTHUC_A3\Tour_2040_CHINHTHUC\Tour_2040_CHINHTHUC\Tour_2040 (3)\Tour_2040\Tour_2040\Tour_2040.csproj]
C:\Users\havik\OneDrive\Tour_2040_CHINHTHUC_A3\Tour_2040_CHINHTHUC\Tour_2040_CHINHTHUC\Tour_2040 (3)\Tour_2040\Tour_2040\Controllers\HopDongsController.cs(41,39): warning CS8602: Dereference of a possibly null reference. [C:\Users\havik\OneDrive\Tour_2040_CHINHTHUC_A3\Tour_2040_CHINHTHUC\Tour_2040_CHINHTHUC\Tour_2040 (3)\Tour_2040\Tour_2040\Tour_2040.csproj]
C:\Users\havik\OneDrive\Tour_2040_CHINHTHUC_A3\Tour_2040_CHINHTHUC\Tour_2040_CHINHTHUC\Tour_2040 (3)\Tour_2040\Tour_2040\Controllers\HopDongsController.cs(43,39): warning CS8602: Dereference of a possibly null reference. [C:\Users\havik\OneDrive\Tour_2040_CHINHTHUC_A3\Tour_2040_CHINHTHUC\Tour_2040_CHINHTHUC\Tour_2040 (3)\Tour_2040\Tour_2040\Tour_2040.csproj]
C:\Users\havik\OneDrive\Tour_2040_CHINHTHUC_A3\Tour_2040_CHINHTHUC\Tour_2040_CHINHTHUC\Tour_2040 (3)\Tour_2040\Tour_2040\Areas\Identity\Pages\Account\Manage\TwoFactorAuthentication.cshtml.cs(84,33): warning CS8604: Possible null reference argument for parameter 'source' in 'int Enumerable.Count<string>(IEnumerable<string> source)'. [C:\Users\havik\OneDrive\Tour_2040_CHINHTHUC_A3\Tour_2040_CHINHTHUC\Tour_2040_CHINHTHUC\Tour_2040 (3)\Tour_2040\Tour_2040\Tour_2040.csproj]
C:\Users\havik\OneDrive\Tour_2040_CHINHTHUC_A3\Tour_2040_CHINHTHUC\Tour_2040_CHINHTHUC\Tour_2040 (3)\Tour_2040\Tour_2040\Areas\Identity\Pages\Account\Register.cshtml.cs(92,43): warning CS8603: Possible null reference return. [C:\Users\havik\OneDrive\Tour_2040_CHINHTHUC_A3\Tour_2040_CHINHTHUC\Tour_2040_CHINHTHUC\Tour_2040 (3)\Tour_2040\Tour_2040\Tour_2040.csproj]
C:\Users\havik\OneDrive\Tour_2040_CHINHTHUC_A3\Tour_2040_CHINHTHUC\Tour_2040_CHINHTHUC\Tour_2040 (3)\Tour_2040\Tour_2040\Areas\Identity\Pages\Account\Register.cshtml.cs(95,24): warning CS8603: Possible null reference return. [C:\Users\havik\OneDrive\Tour_2040_CHINHTHUC_A3\Tour_2040_CHINHTHUC\Tour_2040_CHINHTHUC\Tour_2040 (3)\Tour_2040\Tour_2040\Tour_2040.csproj]
C:\Users\havik\OneDrive\Tour_2040_CHINHTHUC_A3\Tour_2040_CHINHTHUC\Tour_2040_CHINHTHUC\Tour_2040 (3)\Tour_2040\Tour_2040\Controllers\HopDongsController.cs(87,60): warning CS8602: Dereference of a possibly null reference. [C:\Users\havik\OneDrive\Tour_2040_CHINHTHUC_A3\Tour_2040_CHINHTHUC\Tour_2040_CHINHTHUC\Tour_2040 (3)\Tour_2040\Tour_2040\Tour_2040.csproj]
C:\Users\havik\OneDrive\Tour_2040_CHINHTHUC_A3\Tour_2040_CHINHTHUC\Tour_2040_CHINHTHUC\Tour_2040 (3)\Tour_2040\Tour_2040\Controllers\HopDongsController.cs(88,60): warning CS8602: Dereference of a possibly null reference. [C:\Users\havik\OneDrive\Tour_2040_CHINHTHUC_A3\Tour_2040_CHINHTHUC\Tour_2040_CHINHTHUC\Tour_2040 (3)\Tour_2040\Tour_2040\Tour_2040.csproj]
C:\Users\havik\OneDrive\Tour_2040_CHINHTHUC_A3\Tour_2040_CHINHTHUC\Tour_2040_CHINHTHUC\Tour_2040 (3)\Tour_2040\Tour_2040\Controllers\HopDongsController.cs(89,60): warning CS8602: Dereference of a possibly null reference. [C:\Users\havik\OneDrive\Tour_2040_CHINHTHUC_A3\Tour_2040_CHINHTHUC\Tour_2040_CHINHTHUC\Tour_2040 (3)\Tour_2040\Tour_2040\Tour_2040.csproj]
C:\Users\havik\OneDrive\Tour_2040_CHINHTHUC_A3\Tour_2040_CHINHTHUC\Tour_2040_CHINHTHUC\Tour_2040 (3)\Tour_2040\Tour_2040\Controllers\HopDongsController.cs(110,61): warning CS8602: Dereference of a possibly null reference. [C:\Users\havik\OneDrive\Tour_2040_CHINHTHUC_A3\Tour_2040_CHINHTHUC\Tour_2040_CHINHTHUC\Tour_2040 (3)\Tour_2040\Tour_2040\Tour_2040.csproj]
C:\Users\havik\OneDrive\Tour_2040_CHINHTHUC_A3\Tour_2040_CHINHTHUC\Tour_2040_CHINHTHUC\Tour_2040 (3)\Tour_2040\Tour_2040\Controllers\HopDongsController.cs(111,61): warning CS8602: Dereference of a possibly null reference. [C:\Users\havik\OneDrive\Tour_2040_CHINHTHUC_A3\Tour_2040_CHINHTHUC\Tour_2040_CHINHTHUC\Tour_2040 (3)\Tour_2040\Tour_2040\Tour_2040.csproj]
C:\Users\havik\OneDrive\Tour_2040_CHINHTHUC_A3\Tour_2040_CHINHTHUC\Tour_2040_CHINHTHUC\Tour_2040 (3)\Tour_2040\Tour_2040\Controllers\HopDongsController.cs(112,61): warning CS8602: Dereference of a possibly null reference. [C:\Users\havik\OneDrive\Tour_2040_CHINHTHUC_A3\Tour_2040_CHINHTHUC\Tour_2040_CHINHTHUC\Tour_2040 (3)\Tour_2040\Tour_2040\Tour_2040.csproj]
C:\Users\havik\OneDrive\Tour_2040_CHINHTHUC_A3\Tour_2040_CHINHTHUC\Tour_2040_CHINHTHUC\Tour_2040 (3)\Tour_2040\Tour_2040\Controllers\YeuCauHoTrosController.cs(138,50): warning CS8602: Dereference of a possibly null reference. [C:\Users\havik\OneDrive\Tour_2040_CHINHTHUC_A3\Tour_2040_CHINHTHUC\Tour_2040_CHINHTHUC\Tour_2040 (3)\Tour_2040\Tour_2040\Tour_2040.csproj]
C:\Users\havik\OneDrive\Tour_2040_CHINHTHUC_A3\Tour_2040_CHINHTHUC\Tour_2040_CHINHTHUC\Tour_2040 (3)\Tour_2040\Tour_2040\Controllers\YeuCauHoTrosController.cs(138,66): warning CS8602: Dereference of a possibly null reference. [C:\Users\havik\OneDrive\Tour_2040_CHINHTHUC_A3\Tour_2040_CHINHTHUC\Tour_2040_CHINHTHUC\Tour_2040 (3)\Tour_2040\Tour_2040\Tour_2040.csproj]
C:\Users\havik\OneDrive\Tour_2040_CHINHTHUC_A3\Tour_2040_CHINHTHUC\Tour_2040_CHINHTHUC\Tour_2040 (3)\Tour_2040\Tour_2040\Views\DiaDiems\Index.cshtml(290,59): warning CS8604: Possible null reference argument for parameter 'source' in 'int Enumerable.Count<DiaDiem>(IEnumerable<DiaDiem> source)'. [C:\Users\havik\OneDrive\Tour_2040_CHINHTHUC_A3\Tour_2040_CHINHTHUC\Tour_2040_CHINHTHUC\Tour_2040 (3)\Tour_2040\Tour_2040\Tour_2040.csproj]
C:\Users\havik\OneDrive\Tour_2040_CHINHTHUC_A3\Tour_2040_CHINHTHUC\Tour_2040_CHINHTHUC\Tour_2040 (3)\Tour_2040\Tour_2040\Views\DiaDiems\Edit.cshtml(175,41): warning CS0472: The result of the expression is always 'true' since a value of type 'int' is never equal to 'null' of type 'int?' [C:\Users\havik\OneDrive\Tour_2040_CHINHTHUC_A3\Tour_2040_CHINHTHUC\Tour_2040_CHINHTHUC\Tour_2040 (3)\Tour_2040\Tour_2040\Tour_2040.csproj]
C:\Users\havik\OneDrive\Tour_2040_CHINHTHUC_A3\Tour_2040_CHINHTHUC\Tour_2040_CHINHTHUC\Tour_2040 (3)\Tour_2040\Tour_2040\Views\DiaDiems\Create.cshtml(187,41): warning CS0472: The result of the expression is always 'true' since a value of type 'int' is never equal to 'null' of type 'int?' [C:\Users\havik\OneDrive\Tour_2040_CHINHTHUC_A3\Tour_2040_CHINHTHUC\Tour_2040_CHINHTHUC\Tour_2040 (3)\Tour_2040\Tour_2040\Tour_2040.csproj]
C:\Users\havik\OneDrive\Tour_2040_CHINHTHUC_A3\Tour_2040_CHINHTHUC\Tour_2040_CHINHTHUC\Tour_2040 (3)\Tour_2040\Tour_2040\Views\GiaoDiches\Details.cshtml(14,97): warning CS8619: Nullability of reference types in value of type 'List<DichVu>' doesn't match target type 'List<DichVu?>'. [C:\Users\havik\OneDrive\Tour_2040_CHINHTHUC_A3\Tour_2040_CHINHTHUC\Tour_2040_CHINHTHUC\Tour_2040 (3)\Tour_2040\Tour_2040\Tour_2040.csproj]
C:\Users\havik\OneDrive\Tour_2040_CHINHTHUC_A3\Tour_2040_CHINHTHUC\Tour_2040_CHINHTHUC\Tour_2040 (3)\Tour_2040\Tour_2040\Views\GiaoDiches\Details.cshtml(238,83): warning CS8602: Dereference of a possibly null reference. [C:\Users\havik\OneDrive\Tour_2040_CHINHTHUC_A3\Tour_2040_CHINHTHUC\Tour_2040_CHINHTHUC\Tour_2040 (3)\Tour_2040\Tour_2040\Tour_2040.csproj]
C:\Users\havik\OneDrive\Tour_2040_CHINHTHUC_A3\Tour_2040_CHINHTHUC\Tour_2040_CHINHTHUC\Tour_2040 (3)\Tour_2040\Tour_2040\Controllers\ToursController.cs(615,28): warning CS8600: Converting null literal or possible null value to non-nullable type. [C:\Users\havik\OneDrive\Tour_2040_CHINHTHUC_A3\Tour_2040_CHINHTHUC\Tour_2040_CHINHTHUC\Tour_2040 (3)\Tour_2040\Tour_2040\Tour_2040.csproj]
C:\Users\havik\OneDrive\Tour_2040_CHINHTHUC_A3\Tour_2040_CHINHTHUC\Tour_2040_CHINHTHUC\Tour_2040 (3)\Tour_2040\Tour_2040\Controllers\ToursController.cs(616,28): warning CS8600: Converting null literal or possible null value to non-nullable type. [C:\Users\havik\OneDrive\Tour_2040_CHINHTHUC_A3\Tour_2040_CHINHTHUC\Tour_2040_CHINHTHUC\Tour_2040 (3)\Tour_2040\Tour_2040\Tour_2040.csproj]
C:\Users\havik\OneDrive\Tour_2040_CHINHTHUC_A3\Tour_2040_CHINHTHUC\Tour_2040_CHINHTHUC\Tour_2040 (3)\Tour_2040\Tour_2040\Controllers\ToursController.cs(617,34): warning CS8600: Converting null literal or possible null value to non-nullable type. [C:\Users\havik\OneDrive\Tour_2040_CHINHTHUC_A3\Tour_2040_CHINHTHUC\Tour_2040_CHINHTHUC\Tour_2040 (3)\Tour_2040\Tour_2040\Tour_2040.csproj]
C:\Users\havik\OneDrive\Tour_2040_CHINHTHUC_A3\Tour_2040_CHINHTHUC\Tour_2040_CHINHTHUC\Tour_2040 (3)\Tour_2040\Tour_2040\Controllers\ToursController.cs(618,27): warning CS8600: Converting null literal or possible null value to non-nullable type. [C:\Users\havik\OneDrive\Tour_2040_CHINHTHUC_A3\Tour_2040_CHINHTHUC\Tour_2040_CHINHTHUC\Tour_2040 (3)\Tour_2040\Tour_2040\Tour_2040.csproj]
C:\Users\havik\OneDrive\Tour_2040_CHINHTHUC_A3\Tour_2040_CHINHTHUC\Tour_2040_CHINHTHUC\Tour_2040 (3)\Tour_2040\Tour_2040\Controllers\ToursController.cs(631,32): warning CS8601: Possible null reference assignment. [C:\Users\havik\OneDrive\Tour_2040_CHINHTHUC_A3\Tour_2040_CHINHTHUC\Tour_2040_CHINHTHUC\Tour_2040 (3)\Tour_2040\Tour_2040\Tour_2040.csproj]
C:\Users\havik\OneDrive\Tour_2040_CHINHTHUC_A3\Tour_2040_CHINHTHUC\Tour_2040_CHINHTHUC\Tour_2040 (3)\Tour_2040\Tour_2040\Controllers\ToursController.cs(632,25): warning CS8601: Possible null reference assignment. [C:\Users\havik\OneDrive\Tour_2040_CHINHTHUC_A3\Tour_2040_CHINHTHUC\Tour_2040_CHINHTHUC\Tour_2040 (3)\Tour_2040\Tour_2040\Tour_2040.csproj]
C:\Users\havik\OneDrive\Tour_2040_CHINHTHUC_A3\Tour_2040_CHINHTHUC\Tour_2040_CHINHTHUC\Tour_2040 (3)\Tour_2040\Tour_2040\Controllers\ToursController.cs(633,31): warning CS8601: Possible null reference assignment. [C:\Users\havik\OneDrive\Tour_2040_CHINHTHUC_A3\Tour_2040_CHINHTHUC\Tour_2040_CHINHTHUC\Tour_2040 (3)\Tour_2040\Tour_2040\Tour_2040.csproj]
C:\Users\havik\OneDrive\Tour_2040_CHINHTHUC_A3\Tour_2040_CHINHTHUC\Tour_2040_CHINHTHUC\Tour_2040 (3)\Tour_2040\Tour_2040\Controllers\ToursController.cs(634,24): warning CS8601: Possible null reference assignment. [C:\Users\havik\OneDrive\Tour_2040_CHINHTHUC_A3\Tour_2040_CHINHTHUC\Tour_2040_CHINHTHUC\Tour_2040 (3)\Tour_2040\Tour_2040\Tour_2040.csproj]
C:\Users\havik\OneDrive\Tour_2040_CHINHTHUC_A3\Tour_2040_CHINHTHUC\Tour_2040_CHINHTHUC\Tour_2040 (3)\Tour_2040\Tour_2040\Views\ThongKe\ChiTietDichVu.cshtml(113,31): warning CS8602: Dereference of a possibly null reference. [C:\Users\havik\OneDrive\Tour_2040_CHINHTHUC_A3\Tour_2040_CHINHTHUC\Tour_2040_CHINHTHUC\Tour_2040 (3)\Tour_2040\Tour_2040\Tour_2040.csproj]
C:\Users\havik\OneDrive\Tour_2040_CHINHTHUC_A3\Tour_2040_CHINHTHUC\Tour_2040_CHINHTHUC\Tour_2040 (3)\Tour_2040\Tour_2040\Views\KhachHangs\Details.cshtml(380,63): warning CS8604: Possible null reference argument for parameter 'trangThai' in 'string BadgeClass(string trangThai, decimal tongTien, decimal daThanhToan)'. [C:\Users\havik\OneDrive\Tour_2040_CHINHTHUC_A3\Tour_2040_CHINHTHUC\Tour_2040_CHINHTHUC\Tour_2040 (3)\Tour_2040\Tour_2040\Tour_2040.csproj]
C:\Users\havik\OneDrive\Tour_2040_CHINHTHUC_A3\Tour_2040_CHINHTHUC\Tour_2040_CHINHTHUC\Tour_2040 (3)\Tour_2040\Tour_2040\Controllers\ToursController.cs(1231,33): warning CS8601: Possible null reference assignment. [C:\Users\havik\OneDrive\Tour_2040_CHINHTHUC_A3\Tour_2040_CHINHTHUC\Tour_2040_CHINHTHUC\Tour_2040 (3)\Tour_2040\Tour_2040\Tour_2040.csproj]
C:\Users\havik\OneDrive\Tour_2040_CHINHTHUC_A3\Tour_2040_CHINHTHUC\Tour_2040_CHINHTHUC\Tour_2040 (3)\Tour_2040\Tour_2040\Views\Tours\Create.cshtml(15,2): error RZ1006: The code block is missing a closing "}" character.  Make sure you have a matching "}" character for all the "{" characters within this block, and that none of the "}" characters are being interpreted as markup. [C:\Users\havik\OneDrive\Tour_2040_CHINHTHUC_A3\Tour_2040_CHINHTHUC\Tour_2040_CHINHTHUC\Tour_2040 (3)\Tour_2040\Tour_2040\Tour_2040.csproj]
C:\Users\havik\OneDrive\Tour_2040_CHINHTHUC_A3\Tour_2040_CHINHTHUC\Tour_2040_CHINHTHUC\Tour_2040 (3)\Tour_2040\Tour_2040\Views\Tours\Create.cshtml(707,81): error RZ1031: The tag helper 'option' must not have C# in the element's attribute declaration area. [C:\Users\havik\OneDrive\Tour_2040_CHINHTHUC_A3\Tour_2040_CHINHTHUC\Tour_2040_CHINHTHUC\Tour_2040 (3)\Tour_2040\Tour_2040\Tour_2040.csproj]
C:\Users\havik\OneDrive\Tour_2040_CHINHTHUC_A3\Tour_2040_CHINHTHUC\Tour_2040_CHINHTHUC\Tour_2040 (3)\Tour_2040\Tour_2040\Views\Tours\Create.cshtml(737,81): error RZ1031: The tag helper 'option' must not have C# in the element's attribute declaration area. [C:\Users\havik\OneDrive\Tour_2040_CHINHTHUC_A3\Tour_2040_CHINHTHUC\Tour_2040_CHINHTHUC\Tour_2040 (3)\Tour_2040\Tour_2040\Tour_2040.csproj]
C:\Users\havik\OneDrive\Tour_2040_CHINHTHUC_A3\Tour_2040_CHINHTHUC\Tour_2040_CHINHTHUC\Tour_2040 (3)\Tour_2040\Tour_2040\Views\Tours\Create.cshtml(749,81): error RZ1031: The tag helper 'option' must not have C# in the element's attribute declaration area. [C:\Users\havik\OneDrive\Tour_2040_CHINHTHUC_A3\Tour_2040_CHINHTHUC\Tour_2040_CHINHTHUC\Tour_2040 (3)\Tour_2040\Tour_2040\Tour_2040.csproj]
C:\Users\havik\OneDrive\Tour_2040_CHINHTHUC_A3\Tour_2040_CHINHTHUC\Tour_2040_CHINHTHUC\Tour_2040 (3)\Tour_2040\Tour_2040\Views\Tours\Create.cshtml(761,81): error RZ1031: The tag helper 'option' must not have C# in the element's attribute declaration area. [C:\Users\havik\OneDrive\Tour_2040_CHINHTHUC_A3\Tour_2040_CHINHTHUC\Tour_2040_CHINHTHUC\Tour_2040 (3)\Tour_2040\Tour_2040\Tour_2040.csproj]
C:\Users\havik\OneDrive\Tour_2040_CHINHTHUC_A3\Tour_2040_CHINHTHUC\Tour_2040_CHINHTHUC\Tour_2040 (3)\Tour_2040\Tour_2040\Views\Tours\Create.cshtml(773,64): error RZ1031: The tag helper 'option' must not have C# in the element's attribute declaration area. [C:\Users\havik\OneDrive\Tour_2040_CHINHTHUC_A3\Tour_2040_CHINHTHUC\Tour_2040_CHINHTHUC\Tour_2040 (3)\Tour_2040\Tour_2040\Tour_2040.csproj]
C:\Users\havik\OneDrive\Tour_2040_CHINHTHUC_A3\Tour_2040_CHINHTHUC\Tour_2040_CHINHTHUC\Tour_2040 (3)\Tour_2040\Tour_2040\Views\Tours\Create.cshtml(774,61): error RZ1031: The tag helper 'option' must not have C# in the element's attribute declaration area. [C:\Users\havik\OneDrive\Tour_2040_CHINHTHUC_A3\Tour_2040_CHINHTHUC\Tour_2040_CHINHTHUC\Tour_2040 (3)\Tour_2040\Tour_2040\Tour_2040.csproj]
C:\Users\havik\OneDrive\Tour_2040_CHINHTHUC_A3\Tour_2040_CHINHTHUC\Tour_2040_CHINHTHUC\Tour_2040 (3)\Tour_2040\Tour_2040\Views\Tours\Edit.cshtml(232,77): error RZ1031: The tag helper 'option' must not have C# in the element's attribute declaration area. [C:\Users\havik\OneDrive\Tour_2040_CHINHTHUC_A3\Tour_2040_CHINHTHUC\Tour_2040_CHINHTHUC\Tour_2040 (3)\Tour_2040\Tour_2040\Tour_2040.csproj]
C:\Users\havik\OneDrive\Tour_2040_CHINHTHUC_A3\Tour_2040_CHINHTHUC\Tour_2040_CHINHTHUC\Tour_2040 (3)\Tour_2040\Tour_2040\Views\Tours\Edit.cshtml(263,77): error RZ1031: The tag helper 'option' must not have C# in the element's attribute declaration area. [C:\Users\havik\OneDrive\Tour_2040_CHINHTHUC_A3\Tour_2040_CHINHTHUC\Tour_2040_CHINHTHUC\Tour_2040 (3)\Tour_2040\Tour_2040\Tour_2040.csproj]
C:\Users\havik\OneDrive\Tour_2040_CHINHTHUC_A3\Tour_2040_CHINHTHUC\Tour_2040_CHINHTHUC\Tour_2040 (3)\Tour_2040\Tour_2040\Views\Tours\Edit.cshtml(288,60): error RZ1031: The tag helper 'option' must not have C# in the element's attribute declaration area. [C:\Users\havik\OneDrive\Tour_2040_CHINHTHUC_A3\Tour_2040_CHINHTHUC\Tour_2040_CHINHTHUC\Tour_2040 (3)\Tour_2040\Tour_2040\Tour_2040.csproj]
C:\Users\havik\OneDrive\Tour_2040_CHINHTHUC_A3\Tour_2040_CHINHTHUC\Tour_2040_CHINHTHUC\Tour_2040 (3)\Tour_2040\Tour_2040\Views\Tours\Edit.cshtml(289,57): error RZ1031: The tag helper 'option' must not have C# in the element's attribute declaration area. [C:\Users\havik\OneDrive\Tour_2040_CHINHTHUC_A3\Tour_2040_CHINHTHUC\Tour_2040_CHINHTHUC\Tour_2040 (3)\Tour_2040\Tour_2040\Tour_2040.csproj]
C:\Users\havik\OneDrive\Tour_2040_CHINHTHUC_A3\Tour_2040_CHINHTHUC\Tour_2040_CHINHTHUC\Tour_2040 (3)\Tour_2040\Tour_2040\Views\Tours\Create.cshtml(11,10): error CS0019: Operator '??' cannot be applied to operands of type 'List<<anonymous type: string value, string text>>' and 'List<object>' [C:\Users\havik\OneDrive\Tour_2040_CHINHTHUC_A3\Tour_2040_CHINHTHUC\Tour_2040_CHINHTHUC\Tour_2040 (3)\Tour_2040\Tour_2040\Tour_2040.csproj]
C:\Users\havik\OneDrive\Tour_2040_CHINHTHUC_A3\Tour_2040_CHINHTHUC\Tour_2040_CHINHTHUC\Tour_2040 (3)\Tour_2040\Tour_2040\Views\Tours\Create.cshtml(86,6): error CS0103: The name 'keyframes' does not exist in the current context [C:\Users\havik\OneDrive\Tour_2040_CHINHTHUC_A3\Tour_2040_CHINHTHUC\Tour_2040_CHINHTHUC\Tour_2040 (3)\Tour_2040\Tour_2040\Tour_2040.csproj]
C:\Users\havik\OneDrive\Tour_2040_CHINHTHUC_A3\Tour_2040_CHINHTHUC\Tour_2040_CHINHTHUC\Tour_2040 (3)\Tour_2040\Tour_2040\Views\Tours\Create.cshtml(608,6): error CS0103: The name 'keyframes' does not exist in the current context [C:\Users\havik\OneDrive\Tour_2040_CHINHTHUC_A3\Tour_2040_CHINHTHUC\Tour_2040_CHINHTHUC\Tour_2040 (3)\Tour_2040\Tour_2040\Tour_2040.csproj]
C:\Users\havik\OneDrive\Tour_2040_CHINHTHUC_A3\Tour_2040_CHINHTHUC\Tour_2040_CHINHTHUC\Tour_2040 (3)\Tour_2040\Tour_2040\Views\Tours\Create.cshtml(638,6): error CS0103: The name 'keyframes' does not exist in the current context [C:\Users\havik\OneDrive\Tour_2040_CHINHTHUC_A3\Tour_2040_CHINHTHUC\Tour_2040_CHINHTHUC\Tour_2040 (3)\Tour_2040\Tour_2040\Tour_2040.csproj]
C:\Users\havik\OneDrive\Tour_2040_CHINHTHUC_A3\Tour_2040_CHINHTHUC\Tour_2040_CHINHTHUC\Tour_2040 (3)\Tour_2040\Tour_2040\Views\Tours\Edit.cshtml(491,65): error CS0019: Operator '??' cannot be applied to operands of type 'List<<anonymous type: string value, string text>>' and 'List<object>' [C:\Users\havik\OneDrive\Tour_2040_CHINHTHUC_A3\Tour_2040_CHINHTHUC\Tour_2040_CHINHTHUC\Tour_2040 (3)\Tour_2040\Tour_2040\Tour_2040.csproj]
    35 Warning(s)
    16 Error(s)

Time Elapsed 00:00:24.91
